
true.

false.

L = [1, 4].

false.

L = [[1, 3, 4]].

false.

L = [[3, 4, 3], [4, 3, 4]].

false.

true.


